[
  {
    "contentType": "application/vnd.microsoft.card.adaptive",
    "contentUrl": null,
    "content": {
      "type": "AdaptiveCard",
      "version": "1.0",
      "body": [
        {
          "type": "TextBlock",
          "text": "What type of access do you need?"
        }
      ],
      "actions": [
        {
          "type": "Action.Submit",
          "data": {
            "msteams": {
              "type": "messageBack",
              "title": null,
              "image": null,
              "text": "Firewall",
              "displayText": "Firewall",
              "value": null,
              "channelData": null,
              "imageAltText": null
            },
            "command": null,
            "postedValues": null,
            "cardId": null,
            "teamId": null,
            "ticketId": null,
            "activityId": null
          },
          "title": "Firewall",
          "style": "positive"
        }
      ]
    },
    "name": null,
    "thumbnailUrl": null
  }
]
